// Vitest Snapshot v1, https://vitest.dev/guide/snapshot.html

exports[`DelightfulIcon > Snapshot tests > different icons snapshot 1`] = `<DocumentFragment />`;

exports[`DelightfulIcon > Snapshot tests > basic icon snapshot 1`] = `<DocumentFragment />`;

exports[`DelightfulIcon > Snapshot tests > large size icon snapshot 1`] = `<DocumentFragment />`;

exports[`DelightfulIcon > Snapshot tests > small size icon snapshot 1`] = `<DocumentFragment />`;

exports[`DelightfulIcon > Snapshot tests > icon with click event snapshot 1`] = `<DocumentFragment />`;

exports[`DelightfulIcon > Snapshot tests > icon with class name snapshot 1`] = `<DocumentFragment />`;

exports[`DelightfulIcon > Snapshot tests > icon with custom style snapshot 1`] = `<DocumentFragment />`;
