// Vitest Snapshot v1, https://vitest.dev/guide/snapshot.html

exports[`DelightfulModal > Snapshot tests > closed state modal snapshot 1`] = `<DocumentFragment />`;

exports[`DelightfulModal > Snapshot tests > basic modal snapshot 1`] = `<DocumentFragment />`;

exports[`DelightfulModal > Snapshot tests > centered modal snapshot 1`] = `<DocumentFragment />`;

exports[`DelightfulModal > Snapshot tests > modal with confirm button snapshot 1`] = `<DocumentFragment />`;

exports[`DelightfulModal > Snapshot tests > modal without title snapshot 1`] = `<DocumentFragment />`;

exports[`DelightfulModal > Snapshot tests > custom width modal snapshot 1`] = `<DocumentFragment />`;
